[maniskill.readthedocs.io/en/latest/user_guide/index.html]
[backblue.gif]
[fade.gif]
[index.html]
[maniskill.readthedocs.io/en/latest/_static/styles/themeb6e5.css]
[maniskill.readthedocs.io/en/latest/_static/styles/pydata-sphinx-themeb6e5.css]
[maniskill.readthedocs.io/en/latest/_static/pygments.css]
[maniskill.readthedocs.io/en/latest/_static/copybutton.css]
[maniskill.readthedocs.io/en/latest/_static/togglebutton.css]
[maniskill.readthedocs.io/en/latest/_static/graphviz.css]
[maniskill.readthedocs.io/en/latest/_static/sphinx-design.4cbf315f70debaebd550c87a6162cf0f.min.css]
[maniskill.readthedocs.io/en/latest/_static/css/custom.css]
[maniskill.readthedocs.io/en/latest/_static/scripts/bootstrapb6e5.js]
[maniskill.readthedocs.io/en/latest/_static/scripts/fontawesomeb6e5.js]
[maniskill.readthedocs.io/en/latest/_static/scripts/pydata-sphinx-themeb6e5.js]
[maniskill.readthedocs.io/en/latest/_static/documentation_options.js]
[maniskill.readthedocs.io/en/latest/_static/doctools.js]
[maniskill.readthedocs.io/en/latest/_static/sphinx_highlight.js]
[maniskill.readthedocs.io/en/latest/_static/clipboard.min.js]
[maniskill.readthedocs.io/en/latest/_static/copybutton.js]
[maniskill.readthedocs.io/en/latest/_static/togglebutton.js]
[maniskill.readthedocs.io/en/latest/_static/design-tabs.js]
[maniskill.readthedocs.io/en/latest/user_guide/_static/version_switcher.json]
[maniskill.readthedocs.io/en/latest/user_guide/getting_started/installation.html]
[maniskill.readthedocs.io/_/static/javascript/readthedocs-addons.js]
[maniskill.readthedocs.io/en/latest/user_guide/getting_started/quickstart.html]
[maniskill.readthedocs.io/en/latest/user_guide/getting_started/docker.html]
[maniskill.readthedocs.io/en/latest/user_guide/demos/index.html]
[maniskill.readthedocs.io/en/latest/user_guide/demos/gallery.html]
[maniskill.readthedocs.io/en/latest/user_guide/demos/scripts.html]
[maniskill.readthedocs.io/en/latest/user_guide/tutorials/index.html]
[maniskill.readthedocs.io/en/latest/user_guide/tutorials/custom_tasks/index.html]
[maniskill.readthedocs.io/en/latest/user_guide/tutorials/custom_tasks/intro.html]
[maniskill.readthedocs.io/en/latest/user_guide/tutorials/custom_tasks/loading_objects.html]
[maniskill.readthedocs.io/en/latest/user_guide/tutorials/custom_tasks/advanced.html]
[maniskill.readthedocs.io/en/latest/user_guide/tutorials/custom_robots.html]
[maniskill.readthedocs.io/en/latest/user_guide/tutorials/custom_reusable_scenes.html]
[maniskill.readthedocs.io/en/latest/user_guide/tutorials/domain_randomization.html]
[maniskill.readthedocs.io/en/latest/user_guide/tutorials/sim2real/index.html]
[maniskill.readthedocs.io/en/latest/user_guide/tutorials/sim2real/sim2realenv.html]
[maniskill.readthedocs.io/en/latest/user_guide/tutorials/sim2real/building_sim2real_envs.html]
[maniskill.readthedocs.io/en/latest/user_guide/concepts/index.html]
[maniskill.readthedocs.io/en/latest/user_guide/concepts/simulation_101.html]
[maniskill.readthedocs.io/en/latest/user_guide/concepts/gpu_simulation.html]
[maniskill.readthedocs.io/en/latest/user_guide/concepts/controllers.html]
[maniskill.readthedocs.io/en/latest/user_guide/concepts/observation.html]
[maniskill.readthedocs.io/en/latest/user_guide/concepts/sensors.html]
[maniskill.readthedocs.io/en/latest/user_guide/concepts/rng.html]
[maniskill.readthedocs.io/en/latest/user_guide/datasets/index.html]
[maniskill.readthedocs.io/en/latest/user_guide/datasets/scenes.html]
[maniskill.readthedocs.io/en/latest/user_guide/datasets/demos.html]
[maniskill.readthedocs.io/en/latest/user_guide/datasets/replay.html]
[maniskill.readthedocs.io/en/latest/user_guide/data_collection/index.html]
[maniskill.readthedocs.io/en/latest/user_guide/data_collection/motionplanning.html]
[maniskill.readthedocs.io/en/latest/user_guide/data_collection/teleoperation.html]
[maniskill.readthedocs.io/en/latest/user_guide/reinforcement_learning/index.html]
[maniskill.readthedocs.io/en/latest/user_guide/reinforcement_learning/setup.html]
[maniskill.readthedocs.io/en/latest/user_guide/reinforcement_learning/baselines.html]
[maniskill.readthedocs.io/en/latest/user_guide/learning_from_demos/index.html]
[maniskill.readthedocs.io/en/latest/user_guide/learning_from_demos/setup.html]
[maniskill.readthedocs.io/en/latest/user_guide/learning_from_demos/baselines.html]
[maniskill.readthedocs.io/en/latest/user_guide/vision_language_action_models/index.html]
[maniskill.readthedocs.io/en/latest/user_guide/wrappers/index.html]
[maniskill.readthedocs.io/en/latest/user_guide/wrappers/record.html]
[maniskill.readthedocs.io/en/latest/user_guide/wrappers/flatten.html]
[maniskill.readthedocs.io/en/latest/user_guide/wrappers/action_repeat.html]
[maniskill.readthedocs.io/en/latest/user_guide/wrappers/cached_reset.html]
[maniskill.readthedocs.io/en/latest/user_guide/additional_resources/performance_benchmarking.html]
[maniskill.readthedocs.io/en/latest/user_guide/additional_resources/citation.html]
[maniskill.readthedocs.io/en/latest/_images/teaser1.jpg]
[maniskill.readthedocs.io/en/latest/user_guide/index.html]
[maniskill.readthedocs.io/en/latest/_static/styles/themeb6e5.css]
[maniskill.readthedocs.io/en/latest/_static/styles/pydata-sphinx-themeb6e5.css]
[maniskill.readthedocs.io/en/latest/_static/pygments.css]
[maniskill.readthedocs.io/en/latest/_static/copybutton.css]
[maniskill.readthedocs.io/en/latest/_static/togglebutton.css]
[maniskill.readthedocs.io/en/latest/_static/graphviz.css]
[maniskill.readthedocs.io/en/latest/_static/sphinx-design.4cbf315f70debaebd550c87a6162cf0f.min.css]
[maniskill.readthedocs.io/en/latest/_static/css/custom.css]
[maniskill.readthedocs.io/en/latest/user_guide/_static/version_switcher.html]
[maniskill.readthedocs.io/en/latest/_static/basic.css]
[maniskill.readthedocs.io/en/latest/user_guide/getting_started/_static/version_switcher.44.delayed]
[maniskill.readthedocs.io/en/latest/user_guide/getting_started/installation.html]
[maniskill.readthedocs.io/en/latest/user_guide/getting_started/macos_install.html]
[maniskill.readthedocs.io/en/latest/_images/demo_random_action_gui.png]
[maniskill.readthedocs.io/en/latest/_images/parallel_gui_render.png]
[maniskill.readthedocs.io/en/latest/user_guide/getting_started/quickstart.html]
[maniskill.readthedocs.io/en/latest/user_guide/getting_started/docker.html]
[maniskill.readthedocs.io/en/latest/user_guide/demos/_static/version_switcher.json]
[maniskill.readthedocs.io/en/latest/user_guide/demos/index.html]
[media.githubusercontent.com/media/StoneT2000/paper-assets/refs/heads/main/projects/mani_skill3/pickcube_low_closeup_thumb.jpg]
[media.githubusercontent.com/media/StoneT2000/paper-assets/refs/heads/main/projects/mani_skill3/vision-based-sim2real/koch_arm_pickcube_eval_compressed_thumb.jpg]
[media.githubusercontent.com/media/StoneT2000/paper-assets/refs/heads/main/projects/mani_skill3/vision-based-sim2real/koch_arm_pickcube_eval_ood_compressed_thumb.jpg]
[media.githubusercontent.com/media/StoneT2000/paper-assets/refs/heads/main/projects/mani_skill3/vision-based-sim2real/koch_arm_pickcube_reset_distribution_sim_thumb.jpg]
[media.githubusercontent.com/media/StoneT2000/paper-assets/refs/heads/main/projects/mani_skill3/vision-based-sim2real/koch_arm_pickcube_reset_distribution_sim_overlay_thumb.jpg]
[media.githubusercontent.com/media/StoneT2000/paper-assets/refs/heads/main/projects/mani_skill3/vision-based-sim2real/koch_arm_pickcube_reset_distribution_real_thumb.jpg]
[media.githubusercontent.com/media/StoneT2000/paper-assets/refs/heads/main/projects/mani_skill3/real2sim/octo_base_put_eggplant_in_basket_thumb.jpg]
[media.githubusercontent.com/media/StoneT2000/paper-assets/refs/heads/main/projects/mani_skill3/real2sim/octo_small_put_spoon_on_towel_thumb.jpg]
[media.githubusercontent.com/media/StoneT2000/paper-assets/refs/heads/main/projects/mani_skill3/real2sim/octo_small_stack_green_block_on_yellow_block_thumb.jpg]
[media.githubusercontent.com/media/StoneT2000/paper-assets/refs/heads/main/projects/mani_skill3/real2sim/rt1x_put_carrot_on_plate_thumb.jpg]
[media.githubusercontent.com/media/StoneT2000/paper-assets/refs/heads/main/projects/mani_skill3/teleop/teleop_ability_hand_thumb.jpg]
[maniskill.readthedocs.io/en/latest/user_guide/demos/gallery.html]
[maniskill.readthedocs.io/en/latest/_images/tworobotstackcube.png]
[maniskill.readthedocs.io/en/latest/_images/rotatevalvelevel2.png]
[maniskill.readthedocs.io/en/latest/_images/rotatesingleobjectinhand.png]
[maniskill.readthedocs.io/en/latest/_images/pcd_vis.png]
[maniskill.readthedocs.io/en/latest/_images/seg_vis.png]
[maniskill.readthedocs.io/en/latest/_images/rgbd_vis.png]
[maniskill.readthedocs.io/en/latest/user_guide/demos/scripts.html]
[maniskill.readthedocs.io/en/latest/user_guide/tutorials/_static/version_switcher.json]
[maniskill.readthedocs.io/en/latest/user_guide/tutorials/index.html]
[maniskill.readthedocs.io/en/latest/user_guide/tutorials/custom_tasks/_static/version_switcher.json]
[maniskill.readthedocs.io/en/latest/user_guide/tutorials/custom_tasks/index.html]
[maniskill.readthedocs.io/en/latest/_images/env_create_env_reset_flow.png]
[maniskill.readthedocs.io/en/latest/_images/env_step_flow.png]
[maniskill.readthedocs.io/en/latest/_images/push_cube_evaluate.png]
[maniskill.readthedocs.io/en/latest/_images/gui-side-camera.png]
[maniskill.readthedocs.io/en/latest/user_guide/tutorials/custom_tasks/intro.html]
[maniskill.readthedocs.io/en/latest/user_guide/tutorials/custom_tasks/loading_objects.html]
[maniskill.readthedocs.io/en/latest/user_guide/tutorials/custom_tasks/advanced.html]
[maniskill.readthedocs.io/en/latest/_images/loaded_anymal_panda_0.png]
[maniskill.readthedocs.io/en/latest/_images/loaded_anymal_panda_keyframe.png]
[maniskill.readthedocs.io/en/latest/_images/panda_robot_camera_lines.png]
[maniskill.readthedocs.io/en/latest/_images/anymal-visual-collision.png]
[maniskill.readthedocs.io/en/latest/user_guide/tutorials/custom_robots.html]
[maniskill.readthedocs.io/en/latest/user_guide/tutorials/custom_reusable_scenes.html]
[maniskill.readthedocs.io/en/latest/_images/camera_domain_randomization.png]
[maniskill.readthedocs.io/en/latest/_images/color_domain_randomizations.png]
[maniskill.readthedocs.io/en/latest/user_guide/tutorials/domain_randomization.html]
[maniskill.readthedocs.io/en/latest/user_guide/tutorials/sim2real/_static/version_switcher.json]
[maniskill.readthedocs.io/en/latest/user_guide/tutorials/sim2real/index.html]
[maniskill.readthedocs.io/en/latest/user_guide/tutorials/sim2real/sim2realenv.html]
[maniskill.readthedocs.io/en/latest/user_guide/tutorials/sim2real/building_sim2real_envs.html]
[maniskill.readthedocs.io/en/latest/user_guide/concepts/_static/version_switcher.json]
[maniskill.readthedocs.io/en/latest/user_guide/concepts/index.html]
[maniskill.readthedocs.io/en/latest/_images/cabinet_joints.png]
[maniskill.readthedocs.io/en/latest/user_guide/concepts/simulation_101.html]
[maniskill.readthedocs.io/en/latest/_images/physx_scene_subscene_relationship.png]
[maniskill.readthedocs.io/en/latest/_images/gpu_buffer_pose_data_organization.png]
[maniskill.readthedocs.io/en/latest/user_guide/concepts/gpu_simulation.html]
[cdn.jsdelivr.net/npm/mathjax@3/es5/tex-mml-chtml.js]
[maniskill.readthedocs.io/en/latest/_images/robot-with-frames.png]
[maniskill.readthedocs.io/en/latest/user_guide/concepts/controllers.html]
[maniskill.readthedocs.io/en/latest/_images/replica_cad_rgbd.png]
[maniskill.readthedocs.io/en/latest/_images/replica_cad_pcd.png]
[maniskill.readthedocs.io/en/latest/user_guide/concepts/observation.html]
[maniskill.readthedocs.io/en/latest/user_guide/concepts/sensors.html]
[maniskill.readthedocs.io/en/latest/user_guide/concepts/rng.html]
[maniskill.readthedocs.io/en/latest/user_guide/datasets/_static/version_switcher.json]
[maniskill.readthedocs.io/en/latest/user_guide/datasets/index.html]
[maniskill.readthedocs.io/en/latest/_images/scene_examples.png]
[maniskill.readthedocs.io/en/latest/_images/heterogeneous_robocasa_sim.png]
[maniskill.readthedocs.io/en/latest/user_guide/datasets/scenes.html]
[maniskill.readthedocs.io/en/latest/user_guide/datasets/demos.html]
[maniskill.readthedocs.io/en/latest/user_guide/datasets/replay.html]
[maniskill.readthedocs.io/en/latest/user_guide/data_collection/_static/version_switcher.json]
[maniskill.readthedocs.io/en/latest/user_guide/data_collection/index.html]
[maniskill.readthedocs.io/en/latest/user_guide/data_collection/motionplanning.html]
[maniskill.readthedocs.io/en/latest/user_guide/data_collection/teleoperation.html]
[maniskill.readthedocs.io/en/latest/user_guide/reinforcement_learning/_static/version_switcher.json]
[maniskill.readthedocs.io/en/latest/user_guide/reinforcement_learning/index.html]
[maniskill.readthedocs.io/en/latest/user_guide/reinforcement_learning/setup.html]
[maniskill.readthedocs.io/en/latest/user_guide/reinforcement_learning/baselines.html]
[maniskill.readthedocs.io/en/latest/user_guide/learning_from_demos/_static/version_switcher.json]
[maniskill.readthedocs.io/en/latest/user_guide/learning_from_demos/index.html]
[maniskill.readthedocs.io/en/latest/user_guide/learning_from_demos/setup.html]
[maniskill.readthedocs.io/en/latest/user_guide/learning_from_demos/baselines.html]
[maniskill.readthedocs.io/en/latest/user_guide/vision_language_action_models/_static/version_switcher.json]
[maniskill.readthedocs.io/en/latest/user_guide/vision_language_action_models/index.html]
[maniskill.readthedocs.io/en/latest/user_guide/wrappers/_static/version_switcher.json]
[maniskill.readthedocs.io/en/latest/user_guide/wrappers/index.html]
[maniskill.readthedocs.io/en/latest/user_guide/wrappers/record.html]
[maniskill.readthedocs.io/en/latest/user_guide/wrappers/flatten.html]
[maniskill.readthedocs.io/en/latest/user_guide/wrappers/action_repeat.html]
[maniskill.readthedocs.io/en/latest/user_guide/wrappers/cached_reset.html]
[maniskill.readthedocs.io/en/latest/user_guide/additional_resources/_static/version_switcher.json]
[maniskill.readthedocs.io/en/latest/_images/cartpole-comparison.png]
[maniskill.readthedocs.io/en/latest/_images/fps_num_envs_state.png]
[maniskill.readthedocs.io/en/latest/_images/fps_rt_dataset_setup_rgb_bar.png]
[maniskill.readthedocs.io/en/latest/_images/fps_droid_dataset_setup_rgb_bar.png]
[maniskill.readthedocs.io/en/latest/_images/fps_num_envs_1x512x512_rgb.png]
[maniskill.readthedocs.io/en/latest/_images/fps_num_envs_1x256x256_rgb.png]
[maniskill.readthedocs.io/en/latest/_images/fps_num_envs_1x128x128_rgb.png]
[maniskill.readthedocs.io/en/latest/_images/fps_num_envs_1x512x512_rgb+depth.png]
[maniskill.readthedocs.io/en/latest/_images/fps_num_envs_1x256x256_rgb+depth.png]
[maniskill.readthedocs.io/en/latest/_images/fps_num_envs_1x128x128_rgb+depth.png]
[maniskill.readthedocs.io/en/latest/user_guide/additional_resources/performance_benchmarking.html]
[maniskill.readthedocs.io/en/latest/user_guide/additional_resources/citation.html]
[maniskill.readthedocs.io/en/latest/_static/file.png]
[maniskill.readthedocs.io/en/latest/_static/basic.css]
[maniskill.readthedocs.io/en/latest/user_guide/getting_started/_static/version_switcher.html]
[maniskill.readthedocs.io/en/latest/_images/vulkan_path_installation.png]
[maniskill.readthedocs.io/en/latest/_images/vulkan_components_installation.png]
[maniskill.readthedocs.io/en/latest/user_guide/getting_started/macos_install.html]
[maniskill.readthedocs.io/en/latest/user_guide/demos/_static/version_switcher.html]
[maniskill.readthedocs.io/en/latest/user_guide/tutorials/_static/version_switcher.html]
[maniskill.readthedocs.io/en/latest/user_guide/tutorials/custom_tasks/_static/version_switcher.html]
[maniskill.readthedocs.io/en/latest/user_guide/tutorials/sim2real/_static/version_switcher.html]
[maniskill.readthedocs.io/en/latest/user_guide/concepts/_static/version_switcher.html]
[maniskill.readthedocs.io/en/latest/user_guide/datasets/_static/version_switcher.html]
[maniskill.readthedocs.io/en/latest/user_guide/data_collection/_static/version_switcher.html]
[maniskill.readthedocs.io/en/latest/user_guide/reinforcement_learning/_static/version_switcher.html]
[maniskill.readthedocs.io/en/latest/user_guide/learning_from_demos/_static/version_switcher.html]
[maniskill.readthedocs.io/en/latest/user_guide/vision_language_action_models/_static/version_switcher.html]
[maniskill.readthedocs.io/en/latest/user_guide/wrappers/_static/version_switcher.html]
[maniskill.readthedocs.io/en/latest/user_guide/additional_resources/_static/version_switcher.html]
[github.com/StoneT2000/paper-assets/raw/refs/heads/main/projects/mani_skill3/pusht_low_close_thumb.jpg]
